{
  "filters_used": [
    {
      "path": "detect_secrets.filters.allowlist.is_line_allowlisted"
    },
    {
      "filename": ".secrets.baseline",
      "path": "detect_secrets.filters.common.is_baseline_file"
    },
    {
      "min_level": 2,
      "path": "detect_secrets.filters.common.is_ignored_due_to_verification_policies"
    },
    {
      "path": "detect_secrets.filters.heuristic.is_indirect_reference"
    },
    {
      "path": "detect_secrets.filters.heuristic.is_likely_id_tag"
    },
    {
      "path": "detect_secrets.filters.heuristic.is_not_alphanumeric_string"
    },
    {
      "path": "detect_secrets.filters.heuristic.is_potential_uuid"
    },
    {
      "path": "detect_secrets.filters.heuristic.is_prefixed_with_dollar_sign"
    },
    {
      "path": "detect_secrets.filters.heuristic.is_sequential_string"
    },
    {
      "path": "detect_secrets.filters.heuristic.is_templated_secret"
    }
  ],
  "generated_at": "2026-09-05T05:15:45Z",
  "plugins_used": [
    {
      "name": "ArtifactoryDetector"
    },
    {
      "name": "AWSKeyDetector"
    },
    {
      "name": "AzureStorageKeyDetector"
    },
    {
      "limit": 4.5,
      "name": "Base64HighEntropyString"
    },
    {
      "name": "BasicAuthDetector"
    },
    {
      "name": "CloudantDetector"
    },
    {
      "name": "DiscordBotTokenDetector"
    },
    {
      "name": "GitHubTokenDetector"
    },
    {
      "limit": 3.0,
      "name": "HexHighEntropyString"
    },
    {
      "name": "IbmCloudIamDetector"
    },
    {
      "name": "IbmCosHmacDetector"
    },
    {
      "name": "IPPublicDetector"
    },
    {
      "name": "JwtTokenDetector"
    },
    {
      "keyword_exclude": "",
      "name": "KeywordDetector"
    },
    {
      "name": "MailchimpDetector"
    },
    {
      "name": "NpmDetector"
    },
    {
      "name": "OpenAIDetector"
    },
    {
      "name": "PrivateKeyDetector"
    },
    {
      "name": "PypiTokenDetector"
    },
    {
      "name": "SendGridDetector"
    },
    {
      "name": "SlackDetector"
    },
    {
      "name": "SoftlayerDetector"
    },
    {
      "name": "SquareOAuthDetector"
    },
    {
      "name": "StripeDetector"
    },
    {
      "name": "TwilioKeyDetector"
    }
  ],
  "results": {
    ".claude\\review-notes\\issue-5d-hazards-1-schema5-REGEN-PROPOSAL.json": [
      {
        "type": "Hex High Entropy String",
        "filename": ".claude\\review-notes\\issue-5d-hazards-1-schema5-REGEN-PROPOSAL.json",
        "hashed_secret": "8ff2a6bae1a6f3b803ca73f10655b44ae05e39a4",
        "is_verified": false,
        "line_number": 408
      },
      {
        "type": "Hex High Entropy String",
        "filename": ".claude\\review-notes\\issue-5d-hazards-1-schema5-REGEN-PROPOSAL.json",
        "hashed_secret": "d56bf48de922750956471a4737de7b7e4f2bc83c",
        "is_verified": false,
        "line_number": 540
      },
      {
        "type": "Hex High Entropy String",
        "filename": ".claude\\review-notes\\issue-5d-hazards-1-schema5-REGEN-PROPOSAL.json",
        "hashed_secret": "11ed59f03e707214a201eeafdcc1506847d622fd",
        "is_verified": false,
        "line_number": 963
      },
      {
        "type": "Hex High Entropy String",
        "filename": ".claude\\review-notes\\issue-5d-hazards-1-schema5-REGEN-PROPOSAL.json",
        "hashed_secret": "da4e816304c30d46974bc9dcee3e58384d4cad6d",
        "is_verified": false,
        "line_number": 993
      },
      {
        "type": "Hex High Entropy String",
        "filename": ".claude\\review-notes\\issue-5d-hazards-1-schema5-REGEN-PROPOSAL.json",
        "hashed_secret": "de582fa081d8815206201e0a6995342bf79067c0",
        "is_verified": false,
        "line_number": 1025
      },
      {
        "type": "Hex High Entropy String",
        "filename": ".claude\\review-notes\\issue-5d-hazards-1-schema5-REGEN-PROPOSAL.json",
        "hashed_secret": "f0a8d7d308ad3db8fd48ab717b3a1c7a5de7f28e",
        "is_verified": false,
        "line_number": 1063
      },
      {
        "type": "Hex High Entropy String",
        "filename": ".claude\\review-notes\\issue-5d-hazards-1-schema5-REGEN-PROPOSAL.json",
        "hashed_secret": "8c4cd7d140d767e69518cead930a8321e52b3128",
        "is_verified": false,
        "line_number": 1073
      },
      {
        "type": "Hex High Entropy String",
        "filename": ".claude\\review-notes\\issue-5d-hazards-1-schema5-REGEN-PROPOSAL.json",
        "hashed_secret": "5322d8631f2fda5eca85d7a7457a0a01e2997899",
        "is_verified": false,
        "line_number": 1184
      },
      {
        "type": "Hex High Entropy String",
        "filename": ".claude\\review-notes\\issue-5d-hazards-1-schema5-REGEN-PROPOSAL.json",
        "hashed_secret": "2de7485284c4318ee855642b52b65cd223fd5aa8",
        "is_verified": false,
        "line_number": 1215
      },
      {
        "type": "Hex High Entropy String",
        "filename": ".claude\\review-notes\\issue-5d-hazards-1-schema5-REGEN-PROPOSAL.json",
        "hashed_secret": "4c3cc74a6982bc840323565f81ffd038d3238c23",
        "is_verified": false,
        "line_number": 1225
      },
      {
        "type": "Hex High Entropy String",
        "filename": ".claude\\review-notes\\issue-5d-hazards-1-schema5-REGEN-PROPOSAL.json",
        "hashed_secret": "861d964ef3b7a2b5682f2732d53259b335df0ba8",
        "is_verified": false,
        "line_number": 1235
      },
      {
        "type": "Hex High Entropy String",
        "filename": ".claude\\review-notes\\issue-5d-hazards-1-schema5-REGEN-PROPOSAL.json",
        "hashed_secret": "52799623a09979a856da99836d13b32ff9f7d515",
        "is_verified": false,
        "line_number": 1296
      },
      {
        "type": "Hex High Entropy String",
        "filename": ".claude\\review-notes\\issue-5d-hazards-1-schema5-REGEN-PROPOSAL.json",
        "hashed_secret": "1ec8b68c4e965213b6c0909e766fb5107cd8947e",
        "is_verified": false,
        "line_number": 1425
      },
      {
        "type": "Hex High Entropy String",
        "filename": ".claude\\review-notes\\issue-5d-hazards-1-schema5-REGEN-PROPOSAL.json",
        "hashed_secret": "659fb753681dccd64c559f93ccb63a757692fc1e",
        "is_verified": false,
        "line_number": 1455
      },
      {
        "type": "Hex High Entropy String",
        "filename": ".claude\\review-notes\\issue-5d-hazards-1-schema5-REGEN-PROPOSAL.json",
        "hashed_secret": "53c437d5941514af1fc27155a27177017cfd3bba",
        "is_verified": false,
        "line_number": 1465
      },
      {
        "type": "Hex High Entropy String",
        "filename": ".claude\\review-notes\\issue-5d-hazards-1-schema5-REGEN-PROPOSAL.json",
        "hashed_secret": "1084eace2316c741a270329786eb0cb2dbb36d62",
        "is_verified": false,
        "line_number": 2661
      },
      {
        "type": "Hex High Entropy String",
        "filename": ".claude\\review-notes\\issue-5d-hazards-1-schema5-REGEN-PROPOSAL.json",
        "hashed_secret": "97afccf117c5695a1284c51fcbce9993c727a7c8",
        "is_verified": false,
        "line_number": 2662
      },
      {
        "type": "Hex High Entropy String",
        "filename": ".claude\\review-notes\\issue-5d-hazards-1-schema5-REGEN-PROPOSAL.json",
        "hashed_secret": "38f0f9f892e2e5309d2646a4faa2f0fff90a30e2",
        "is_verified": false,
        "line_number": 2664
      },
      {
        "type": "Hex High Entropy String",
        "filename": ".claude\\review-notes\\issue-5d-hazards-1-schema5-REGEN-PROPOSAL.json",
        "hashed_secret": "5da090aa44bcb525f9c9f79fcff757f7fdf9e679",
        "is_verified": false,
        "line_number": 2666
      },
      {
        "type": "Hex High Entropy String",
        "filename": ".claude\\review-notes\\issue-5d-hazards-1-schema5-REGEN-PROPOSAL.json",
        "hashed_secret": "6de884b2d0c751d5be232c5dfb746946a65bb765",
        "is_verified": false,
        "line_number": 2669
      },
      {
        "type": "Hex High Entropy String",
        "filename": ".claude\\review-notes\\issue-5d-hazards-1-schema5-REGEN-PROPOSAL.json",
        "hashed_secret": "b14da92452f9e679c54b9a616647d20f64fff949",
        "is_verified": false,
        "line_number": 2672
      }
    ],
    "src\\afterworlds\\ingestion\\mechanical\\oracles\\srd-5-2-1-corpus-36b786d8-fa2.json": [
      {
        "type": "Hex High Entropy String",
        "filename": "src\\afterworlds\\ingestion\\mechanical\\oracles\\srd-5-2-1-corpus-36b786d8-fa2.json",
        "hashed_secret": "060c110c372cf7774609d070bcae429f2724785f",
        "is_verified": false,
        "line_number": 1303
      },
      {
        "type": "Hex High Entropy String",
        "filename": "src\\afterworlds\\ingestion\\mechanical\\oracles\\srd-5-2-1-corpus-36b786d8-fa2.json",
        "hashed_secret": "1a5505c593b75c517f857a6b7c5e9cfc0e0ca810",
        "is_verified": false,
        "line_number": 1492
      },
      {
        "type": "Hex High Entropy String",
        "filename": "src\\afterworlds\\ingestion\\mechanical\\oracles\\srd-5-2-1-corpus-36b786d8-fa2.json",
        "hashed_secret": "3bee197ff09c524ffa0ed681e17b96c362f83a2d",
        "is_verified": false,
        "line_number": 2170
      },
      {
        "type": "Hex High Entropy String",
        "filename": "src\\afterworlds\\ingestion\\mechanical\\oracles\\srd-5-2-1-corpus-36b786d8-fa2.json",
        "hashed_secret": "ae72cba7146720b0c7a862c142d6ad441aaca15a",
        "is_verified": false,
        "line_number": 2270
      },
      {
        "type": "Hex High Entropy String",
        "filename": "src\\afterworlds\\ingestion\\mechanical\\oracles\\srd-5-2-1-corpus-36b786d8-fa2.json",
        "hashed_secret": "0a0e1267e8122f622d7c98a8ca0f98aa23193b23",
        "is_verified": false,
        "line_number": 2275
      },
      {
        "type": "Hex High Entropy String",
        "filename": "src\\afterworlds\\ingestion\\mechanical\\oracles\\srd-5-2-1-corpus-36b786d8-fa2.json",
        "hashed_secret": "e70be343a316ee793fb274940bf8b8e59b19a6c0",
        "is_verified": false,
        "line_number": 2278
      },
      {
        "type": "Hex High Entropy String",
        "filename": "src\\afterworlds\\ingestion\\mechanical\\oracles\\srd-5-2-1-corpus-36b786d8-fa2.json",
        "hashed_secret": "6de884b2d0c751d5be232c5dfb746946a65bb765",
        "is_verified": false,
        "line_number": 2293
      },
      {
        "type": "Hex High Entropy String",
        "filename": "src\\afterworlds\\ingestion\\mechanical\\oracles\\srd-5-2-1-corpus-36b786d8-fa2.json",
        "hashed_secret": "1084eace2316c741a270329786eb0cb2dbb36d62",
        "is_verified": false,
        "line_number": 4263
      },
      {
        "type": "Hex High Entropy String",
        "filename": "src\\afterworlds\\ingestion\\mechanical\\oracles\\srd-5-2-1-corpus-36b786d8-fa2.json",
        "hashed_secret": "97afccf117c5695a1284c51fcbce9993c727a7c8",
        "is_verified": false,
        "line_number": 4264
      },
      {
        "type": "Hex High Entropy String",
        "filename": "src\\afterworlds\\ingestion\\mechanical\\oracles\\srd-5-2-1-corpus-36b786d8-fa2.json",
        "hashed_secret": "38f0f9f892e2e5309d2646a4faa2f0fff90a30e2",
        "is_verified": false,
        "line_number": 4266
      },
      {
        "type": "Hex High Entropy String",
        "filename": "src\\afterworlds\\ingestion\\mechanical\\oracles\\srd-5-2-1-corpus-36b786d8-fa2.json",
        "hashed_secret": "5da090aa44bcb525f9c9f79fcff757f7fdf9e679",
        "is_verified": false,
        "line_number": 4268
      },
      {
        "type": "Hex High Entropy String",
        "filename": "src\\afterworlds\\ingestion\\mechanical\\oracles\\srd-5-2-1-corpus-36b786d8-fa2.json",
        "hashed_secret": "8ff2a6bae1a6f3b803ca73f10655b44ae05e39a4",
        "is_verified": false,
        "line_number": 5696
      },
      {
        "type": "Hex High Entropy String",
        "filename": "src\\afterworlds\\ingestion\\mechanical\\oracles\\srd-5-2-1-corpus-36b786d8-fa2.json",
        "hashed_secret": "e1f2d3c18bd501086715d50a957c117ee628049b",
        "is_verified": false,
        "line_number": 5774
      },
      {
        "type": "Hex High Entropy String",
        "filename": "src\\afterworlds\\ingestion\\mechanical\\oracles\\srd-5-2-1-corpus-36b786d8-fa2.json",
        "hashed_secret": "d56bf48de922750956471a4737de7b7e4f2bc83c",
        "is_verified": false,
        "line_number": 5885
      },
      {
        "type": "Hex High Entropy String",
        "filename": "src\\afterworlds\\ingestion\\mechanical\\oracles\\srd-5-2-1-corpus-36b786d8-fa2.json",
        "hashed_secret": "11ed59f03e707214a201eeafdcc1506847d622fd",
        "is_verified": false,
        "line_number": 7444
      },
      {
        "type": "Hex High Entropy String",
        "filename": "src\\afterworlds\\ingestion\\mechanical\\oracles\\srd-5-2-1-corpus-36b786d8-fa2.json",
        "hashed_secret": "df8fea5f427e12e5a9b47ad1659bdb117054f9e7",
        "is_verified": false,
        "line_number": 7466
      },
      {
        "type": "Hex High Entropy String",
        "filename": "src\\afterworlds\\ingestion\\mechanical\\oracles\\srd-5-2-1-corpus-36b786d8-fa2.json",
        "hashed_secret": "da4e816304c30d46974bc9dcee3e58384d4cad6d",
        "is_verified": false,
        "line_number": 7508
      },
      {
        "type": "Hex High Entropy String",
        "filename": "src\\afterworlds\\ingestion\\mechanical\\oracles\\srd-5-2-1-corpus-36b786d8-fa2.json",
        "hashed_secret": "c60621c314389cdb540090ddfae3307680274b87",
        "is_verified": false,
        "line_number": 7540
      },
      {
        "type": "Hex High Entropy String",
        "filename": "src\\afterworlds\\ingestion\\mechanical\\oracles\\srd-5-2-1-corpus-36b786d8-fa2.json",
        "hashed_secret": "def550653270ebd7a1c46ba6fb8db7060652fb88",
        "is_verified": false,
        "line_number": 7550
      },
      {
        "type": "Hex High Entropy String",
        "filename": "src\\afterworlds\\ingestion\\mechanical\\oracles\\srd-5-2-1-corpus-36b786d8-fa2.json",
        "hashed_secret": "de582fa081d8815206201e0a6995342bf79067c0",
        "is_verified": false,
        "line_number": 7560
      },
      {
        "type": "Hex High Entropy String",
        "filename": "src\\afterworlds\\ingestion\\mechanical\\oracles\\srd-5-2-1-corpus-36b786d8-fa2.json",
        "hashed_secret": "f0a8d7d308ad3db8fd48ab717b3a1c7a5de7f28e",
        "is_verified": false,
        "line_number": 7618
      },
      {
        "type": "Hex High Entropy String",
        "filename": "src\\afterworlds\\ingestion\\mechanical\\oracles\\srd-5-2-1-corpus-36b786d8-fa2.json",
        "hashed_secret": "0258bc4ebc2993b9356e1f87668b3f9c543d8d02",
        "is_verified": false,
        "line_number": 7628
      },
      {
        "type": "Hex High Entropy String",
        "filename": "src\\afterworlds\\ingestion\\mechanical\\oracles\\srd-5-2-1-corpus-36b786d8-fa2.json",
        "hashed_secret": "4adf8448090732eb8d6b046713027c2b3db013a9",
        "is_verified": false,
        "line_number": 7638
      },
      {
        "type": "Hex High Entropy String",
        "filename": "src\\afterworlds\\ingestion\\mechanical\\oracles\\srd-5-2-1-corpus-36b786d8-fa2.json",
        "hashed_secret": "8c4cd7d140d767e69518cead930a8321e52b3128",
        "is_verified": false,
        "line_number": 7658
      },
      {
        "type": "Hex High Entropy String",
        "filename": "src\\afterworlds\\ingestion\\mechanical\\oracles\\srd-5-2-1-corpus-36b786d8-fa2.json",
        "hashed_secret": "5041d2b9b274a284c2fef331edb6b868e38ca39d",
        "is_verified": false,
        "line_number": 7680
      },
      {
        "type": "Hex High Entropy String",
        "filename": "src\\afterworlds\\ingestion\\mechanical\\oracles\\srd-5-2-1-corpus-36b786d8-fa2.json",
        "hashed_secret": "d9ffe4298f96ee23a28b5485ba4cabb44310e5e3",
        "is_verified": false,
        "line_number": 7690
      },
      {
        "type": "Hex High Entropy String",
        "filename": "src\\afterworlds\\ingestion\\mechanical\\oracles\\srd-5-2-1-corpus-36b786d8-fa2.json",
        "hashed_secret": "e345b29231a9ba44a6eb7cf54762c52e88212856",
        "is_verified": false,
        "line_number": 7709
      },
      {
        "type": "Hex High Entropy String",
        "filename": "src\\afterworlds\\ingestion\\mechanical\\oracles\\srd-5-2-1-corpus-36b786d8-fa2.json",
        "hashed_secret": "85b48121a231e9cb5a6da1030149bb9a4aafe7e9",
        "is_verified": false,
        "line_number": 7719
      },
      {
        "type": "Hex High Entropy String",
        "filename": "src\\afterworlds\\ingestion\\mechanical\\oracles\\srd-5-2-1-corpus-36b786d8-fa2.json",
        "hashed_secret": "3ac41dfc5566d63cab9efaf80a44d41eaf706c30",
        "is_verified": false,
        "line_number": 7833
      },
      {
        "type": "Hex High Entropy String",
        "filename": "src\\afterworlds\\ingestion\\mechanical\\oracles\\srd-5-2-1-corpus-36b786d8-fa2.json",
        "hashed_secret": "ec7531742e51d51ed4807326b16f4af4b62d3e40",
        "is_verified": false,
        "line_number": 7843
      },
      {
        "type": "Hex High Entropy String",
        "filename": "src\\afterworlds\\ingestion\\mechanical\\oracles\\srd-5-2-1-corpus-36b786d8-fa2.json",
        "hashed_secret": "277baa62596fb71549fcb11e69b68ae1575d4e08",
        "is_verified": false,
        "line_number": 7853
      },
      {
        "type": "Hex High Entropy String",
        "filename": "src\\afterworlds\\ingestion\\mechanical\\oracles\\srd-5-2-1-corpus-36b786d8-fa2.json",
        "hashed_secret": "dd7cb6b6ffdd2470f54f9df6d23c7a0e9241e2ef",
        "is_verified": false,
        "line_number": 7898
      },
      {
        "type": "Hex High Entropy String",
        "filename": "src\\afterworlds\\ingestion\\mechanical\\oracles\\srd-5-2-1-corpus-36b786d8-fa2.json",
        "hashed_secret": "44f0d6fcaa82f6c4f306c8efcbb3c869af640bb0",
        "is_verified": false,
        "line_number": 7942
      },
      {
        "type": "Hex High Entropy String",
        "filename": "src\\afterworlds\\ingestion\\mechanical\\oracles\\srd-5-2-1-corpus-36b786d8-fa2.json",
        "hashed_secret": "acc105f4ea705c44f74e9088bb5458ae4ac97d24",
        "is_verified": false,
        "line_number": 7952
      },
      {
        "type": "Hex High Entropy String",
        "filename": "src\\afterworlds\\ingestion\\mechanical\\oracles\\srd-5-2-1-corpus-36b786d8-fa2.json",
        "hashed_secret": "5322d8631f2fda5eca85d7a7457a0a01e2997899",
        "is_verified": false,
        "line_number": 7982
      },
      {
        "type": "Hex High Entropy String",
        "filename": "src\\afterworlds\\ingestion\\mechanical\\oracles\\srd-5-2-1-corpus-36b786d8-fa2.json",
        "hashed_secret": "29993ecd4e448ceb595a521d7be0e8a107e9a444",
        "is_verified": false,
        "line_number": 8058
      },
      {
        "type": "Hex High Entropy String",
        "filename": "src\\afterworlds\\ingestion\\mechanical\\oracles\\srd-5-2-1-corpus-36b786d8-fa2.json",
        "hashed_secret": "2b6a0fdab0c3677585d2e6c4f206b3ac79d66608",
        "is_verified": false,
        "line_number": 8068
      },
      {
        "type": "Hex High Entropy String",
        "filename": "src\\afterworlds\\ingestion\\mechanical\\oracles\\srd-5-2-1-corpus-36b786d8-fa2.json",
        "hashed_secret": "2de7485284c4318ee855642b52b65cd223fd5aa8",
        "is_verified": false,
        "line_number": 8089
      },
      {
        "type": "Hex High Entropy String",
        "filename": "src\\afterworlds\\ingestion\\mechanical\\oracles\\srd-5-2-1-corpus-36b786d8-fa2.json",
        "hashed_secret": "39bb7788d2b237d6e3fef92a9c5227aff73c69c2",
        "is_verified": false,
        "line_number": 8099
      },
      {
        "type": "Hex High Entropy String",
        "filename": "src\\afterworlds\\ingestion\\mechanical\\oracles\\srd-5-2-1-corpus-36b786d8-fa2.json",
        "hashed_secret": "0c771bb1f9a3ace8d1013b607a6e02ef9b7ad563",
        "is_verified": false,
        "line_number": 8109
      },
      {
        "type": "Hex High Entropy String",
        "filename": "src\\afterworlds\\ingestion\\mechanical\\oracles\\srd-5-2-1-corpus-36b786d8-fa2.json",
        "hashed_secret": "4c3cc74a6982bc840323565f81ffd038d3238c23",
        "is_verified": false,
        "line_number": 8119
      },
      {
        "type": "Hex High Entropy String",
        "filename": "src\\afterworlds\\ingestion\\mechanical\\oracles\\srd-5-2-1-corpus-36b786d8-fa2.json",
        "hashed_secret": "d38a1f8c9d31aac4cc6083306bb2c1850ad2b8f9",
        "is_verified": false,
        "line_number": 8129
      },
      {
        "type": "Hex High Entropy String",
        "filename": "src\\afterworlds\\ingestion\\mechanical\\oracles\\srd-5-2-1-corpus-36b786d8-fa2.json",
        "hashed_secret": "861d964ef3b7a2b5682f2732d53259b335df0ba8",
        "is_verified": false,
        "line_number": 8139
      },
      {
        "type": "Hex High Entropy String",
        "filename": "src\\afterworlds\\ingestion\\mechanical\\oracles\\srd-5-2-1-corpus-36b786d8-fa2.json",
        "hashed_secret": "11801cac17d1c0e199e4693787685f40282a2598",
        "is_verified": false,
        "line_number": 8201
      },
      {
        "type": "Hex High Entropy String",
        "filename": "src\\afterworlds\\ingestion\\mechanical\\oracles\\srd-5-2-1-corpus-36b786d8-fa2.json",
        "hashed_secret": "947ac34e012507d27f860c530abe04dd210459f1",
        "is_verified": false,
        "line_number": 8243
      },
      {
        "type": "Hex High Entropy String",
        "filename": "src\\afterworlds\\ingestion\\mechanical\\oracles\\srd-5-2-1-corpus-36b786d8-fa2.json",
        "hashed_secret": "52799623a09979a856da99836d13b32ff9f7d515",
        "is_verified": false,
        "line_number": 8253
      },
      {
        "type": "Hex High Entropy String",
        "filename": "src\\afterworlds\\ingestion\\mechanical\\oracles\\srd-5-2-1-corpus-36b786d8-fa2.json",
        "hashed_secret": "8399cb52e3ca73439c87eee40aa093849a3587c0",
        "is_verified": false,
        "line_number": 8327
      },
      {
        "type": "Hex High Entropy String",
        "filename": "src\\afterworlds\\ingestion\\mechanical\\oracles\\srd-5-2-1-corpus-36b786d8-fa2.json",
        "hashed_secret": "4f81bf432aa99b9a4fae8b22756c92178bc3ec8f",
        "is_verified": false,
        "line_number": 8371
      },
      {
        "type": "Hex High Entropy String",
        "filename": "src\\afterworlds\\ingestion\\mechanical\\oracles\\srd-5-2-1-corpus-36b786d8-fa2.json",
        "hashed_secret": "da54d70e722c22b43a17c3bbe51ea404f9b2528b",
        "is_verified": false,
        "line_number": 8421
      },
      {
        "type": "Hex High Entropy String",
        "filename": "src\\afterworlds\\ingestion\\mechanical\\oracles\\srd-5-2-1-corpus-36b786d8-fa2.json",
        "hashed_secret": "bd6d57cd3c96dbc16ec6e8d5c8c5fbc3533669e3",
        "is_verified": false,
        "line_number": 8451
      },
      {
        "type": "Hex High Entropy String",
        "filename": "src\\afterworlds\\ingestion\\mechanical\\oracles\\srd-5-2-1-corpus-36b786d8-fa2.json",
        "hashed_secret": "607d009a9f94a0606b699d80eee2c6494a33bc32",
        "is_verified": false,
        "line_number": 8480
      },
      {
        "type": "Hex High Entropy String",
        "filename": "src\\afterworlds\\ingestion\\mechanical\\oracles\\srd-5-2-1-corpus-36b786d8-fa2.json",
        "hashed_secret": "127063ecdbd1b9823b5cdce39431f85013b838e7",
        "is_verified": false,
        "line_number": 8520
      },
      {
        "type": "Hex High Entropy String",
        "filename": "src\\afterworlds\\ingestion\\mechanical\\oracles\\srd-5-2-1-corpus-36b786d8-fa2.json",
        "hashed_secret": "1ec8b68c4e965213b6c0909e766fb5107cd8947e",
        "is_verified": false,
        "line_number": 8608
      },
      {
        "type": "Hex High Entropy String",
        "filename": "src\\afterworlds\\ingestion\\mechanical\\oracles\\srd-5-2-1-corpus-36b786d8-fa2.json",
        "hashed_secret": "659fb753681dccd64c559f93ccb63a757692fc1e",
        "is_verified": false,
        "line_number": 8638
      },
      {
        "type": "Hex High Entropy String",
        "filename": "src\\afterworlds\\ingestion\\mechanical\\oracles\\srd-5-2-1-corpus-36b786d8-fa2.json",
        "hashed_secret": "53c437d5941514af1fc27155a27177017cfd3bba",
        "is_verified": false,
        "line_number": 8648
      },
      {
        "type": "Hex High Entropy String",
        "filename": "src\\afterworlds\\ingestion\\mechanical\\oracles\\srd-5-2-1-corpus-36b786d8-fa2.json",
        "hashed_secret": "9a55ab62d853e2ab221c437150074d2032c3911a",
        "is_verified": false,
        "line_number": 8690
      },
      {
        "type": "Hex High Entropy String",
        "filename": "src\\afterworlds\\ingestion\\mechanical\\oracles\\srd-5-2-1-corpus-36b786d8-fa2.json",
        "hashed_secret": "2cbc66e3dbf456b5d3b072d8d9ce0faf62294a85",
        "is_verified": false,
        "line_number": 8759
      },
      {
        "type": "Hex High Entropy String",
        "filename": "src\\afterworlds\\ingestion\\mechanical\\oracles\\srd-5-2-1-corpus-36b786d8-fa2.json",
        "hashed_secret": "2ea48edf92138b285439636f6c1fd6d86401ba97",
        "is_verified": false,
        "line_number": 8829
      },
      {
        "type": "Hex High Entropy String",
        "filename": "src\\afterworlds\\ingestion\\mechanical\\oracles\\srd-5-2-1-corpus-36b786d8-fa2.json",
        "hashed_secret": "e448b4a51ee764d35a6fcae62865b6600d7640de",
        "is_verified": false,
        "line_number": 8931
      },
      {
        "type": "Hex High Entropy String",
        "filename": "src\\afterworlds\\ingestion\\mechanical\\oracles\\srd-5-2-1-corpus-36b786d8-fa2.json",
        "hashed_secret": "b14da92452f9e679c54b9a616647d20f64fff949",
        "is_verified": false,
        "line_number": 9262
      }
    ],
    "tests\\ingestion\\mechanical\\data\\bounded_oracle.json": [
      {
        "filename": "tests\\ingestion\\mechanical\\data\\bounded_oracle.json",
        "hashed_secret": "2a424920115a4bfa9aa820b53d5bb3d92f0a9ded",
        "is_verified": false,
        "line_number": 29,
        "type": "Hex High Entropy String"
      },
      {
        "filename": "tests\\ingestion\\mechanical\\data\\bounded_oracle.json",
        "hashed_secret": "44193744620710b0b0923911f40783285c2e2be9",
        "is_verified": false,
        "line_number": 36,
        "type": "Hex High Entropy String"
      },
      {
        "filename": "tests\\ingestion\\mechanical\\data\\bounded_oracle.json",
        "hashed_secret": "e70be343a316ee793fb274940bf8b8e59b19a6c0",
        "is_verified": false,
        "line_number": 41,
        "type": "Hex High Entropy String"
      },
      {
        "filename": "tests\\ingestion\\mechanical\\data\\bounded_oracle.json",
        "hashed_secret": "6de884b2d0c751d5be232c5dfb746946a65bb765",
        "is_verified": false,
        "line_number": 44,
        "type": "Hex High Entropy String"
      },
      {
        "filename": "tests\\ingestion\\mechanical\\data\\bounded_oracle.json",
        "hashed_secret": "7da11b1b211edebc5dc912257d663a2fc2b4dc85",
        "is_verified": false,
        "line_number": 106,
        "type": "Hex High Entropy String"
      },
      {
        "filename": "tests\\ingestion\\mechanical\\data\\bounded_oracle.json",
        "hashed_secret": "03af9cb95f4b3450ac6c94b565c46ff953d0a404",
        "is_verified": false,
        "line_number": 159,
        "type": "Hex High Entropy String"
      },
      {
        "filename": "tests\\ingestion\\mechanical\\data\\bounded_oracle.json",
        "hashed_secret": "b14da92452f9e679c54b9a616647d20f64fff949",
        "is_verified": false,
        "line_number": 219,
        "type": "Hex High Entropy String"
      }
    ],
    "tests\\ingestion\\mechanical\\data\\legacy_conditions_1_unanchored_schema3.json": [
      {
        "type": "Hex High Entropy String",
        "filename": "tests\\ingestion\\mechanical\\data\\legacy_conditions_1_unanchored_schema3.json",
        "hashed_secret": "060c110c372cf7774609d070bcae429f2724785f",
        "is_verified": false,
        "line_number": 1303
      },
      {
        "type": "Hex High Entropy String",
        "filename": "tests\\ingestion\\mechanical\\data\\legacy_conditions_1_unanchored_schema3.json",
        "hashed_secret": "1a5505c593b75c517f857a6b7c5e9cfc0e0ca810",
        "is_verified": false,
        "line_number": 1492
      },
      {
        "type": "Hex High Entropy String",
        "filename": "tests\\ingestion\\mechanical\\data\\legacy_conditions_1_unanchored_schema3.json",
        "hashed_secret": "1084eace2316c741a270329786eb0cb2dbb36d62",
        "is_verified": false,
        "line_number": 2796
      },
      {
        "type": "Hex High Entropy String",
        "filename": "tests\\ingestion\\mechanical\\data\\legacy_conditions_1_unanchored_schema3.json",
        "hashed_secret": "97afccf117c5695a1284c51fcbce9993c727a7c8",
        "is_verified": false,
        "line_number": 2797
      },
      {
        "type": "Hex High Entropy String",
        "filename": "tests\\ingestion\\mechanical\\data\\legacy_conditions_1_unanchored_schema3.json",
        "hashed_secret": "38f0f9f892e2e5309d2646a4faa2f0fff90a30e2",
        "is_verified": false,
        "line_number": 2799
      },
      {
        "type": "Hex High Entropy String",
        "filename": "tests\\ingestion\\mechanical\\data\\legacy_conditions_1_unanchored_schema3.json",
        "hashed_secret": "5da090aa44bcb525f9c9f79fcff757f7fdf9e679",
        "is_verified": false,
        "line_number": 2801
      },
      {
        "type": "Hex High Entropy String",
        "filename": "tests\\ingestion\\mechanical\\data\\legacy_conditions_1_unanchored_schema3.json",
        "hashed_secret": "e1f2d3c18bd501086715d50a957c117ee628049b",
        "is_verified": false,
        "line_number": 3859
      },
      {
        "type": "Hex High Entropy String",
        "filename": "tests\\ingestion\\mechanical\\data\\legacy_conditions_1_unanchored_schema3.json",
        "hashed_secret": "df8fea5f427e12e5a9b47ad1659bdb117054f9e7",
        "is_verified": false,
        "line_number": 5043
      },
      {
        "type": "Hex High Entropy String",
        "filename": "tests\\ingestion\\mechanical\\data\\legacy_conditions_1_unanchored_schema3.json",
        "hashed_secret": "c60621c314389cdb540090ddfae3307680274b87",
        "is_verified": false,
        "line_number": 5065
      },
      {
        "type": "Hex High Entropy String",
        "filename": "tests\\ingestion\\mechanical\\data\\legacy_conditions_1_unanchored_schema3.json",
        "hashed_secret": "def550653270ebd7a1c46ba6fb8db7060652fb88",
        "is_verified": false,
        "line_number": 5075
      },
      {
        "type": "Hex High Entropy String",
        "filename": "tests\\ingestion\\mechanical\\data\\legacy_conditions_1_unanchored_schema3.json",
        "hashed_secret": "0258bc4ebc2993b9356e1f87668b3f9c543d8d02",
        "is_verified": false,
        "line_number": 5105
      },
      {
        "type": "Hex High Entropy String",
        "filename": "tests\\ingestion\\mechanical\\data\\legacy_conditions_1_unanchored_schema3.json",
        "hashed_secret": "4adf8448090732eb8d6b046713027c2b3db013a9",
        "is_verified": false,
        "line_number": 5115
      },
      {
        "type": "Hex High Entropy String",
        "filename": "tests\\ingestion\\mechanical\\data\\legacy_conditions_1_unanchored_schema3.json",
        "hashed_secret": "5041d2b9b274a284c2fef331edb6b868e38ca39d",
        "is_verified": false,
        "line_number": 5147
      },
      {
        "type": "Hex High Entropy String",
        "filename": "tests\\ingestion\\mechanical\\data\\legacy_conditions_1_unanchored_schema3.json",
        "hashed_secret": "d9ffe4298f96ee23a28b5485ba4cabb44310e5e3",
        "is_verified": false,
        "line_number": 5157
      },
      {
        "type": "Hex High Entropy String",
        "filename": "tests\\ingestion\\mechanical\\data\\legacy_conditions_1_unanchored_schema3.json",
        "hashed_secret": "e345b29231a9ba44a6eb7cf54762c52e88212856",
        "is_verified": false,
        "line_number": 5167
      },
      {
        "type": "Hex High Entropy String",
        "filename": "tests\\ingestion\\mechanical\\data\\legacy_conditions_1_unanchored_schema3.json",
        "hashed_secret": "85b48121a231e9cb5a6da1030149bb9a4aafe7e9",
        "is_verified": false,
        "line_number": 5177
      },
      {
        "type": "Hex High Entropy String",
        "filename": "tests\\ingestion\\mechanical\\data\\legacy_conditions_1_unanchored_schema3.json",
        "hashed_secret": "3ac41dfc5566d63cab9efaf80a44d41eaf706c30",
        "is_verified": false,
        "line_number": 5231
      },
      {
        "type": "Hex High Entropy String",
        "filename": "tests\\ingestion\\mechanical\\data\\legacy_conditions_1_unanchored_schema3.json",
        "hashed_secret": "ec7531742e51d51ed4807326b16f4af4b62d3e40",
        "is_verified": false,
        "line_number": 5241
      },
      {
        "type": "Hex High Entropy String",
        "filename": "tests\\ingestion\\mechanical\\data\\legacy_conditions_1_unanchored_schema3.json",
        "hashed_secret": "277baa62596fb71549fcb11e69b68ae1575d4e08",
        "is_verified": false,
        "line_number": 5251
      },
      {
        "type": "Hex High Entropy String",
        "filename": "tests\\ingestion\\mechanical\\data\\legacy_conditions_1_unanchored_schema3.json",
        "hashed_secret": "dd7cb6b6ffdd2470f54f9df6d23c7a0e9241e2ef",
        "is_verified": false,
        "line_number": 5286
      },
      {
        "type": "Hex High Entropy String",
        "filename": "tests\\ingestion\\mechanical\\data\\legacy_conditions_1_unanchored_schema3.json",
        "hashed_secret": "44f0d6fcaa82f6c4f306c8efcbb3c869af640bb0",
        "is_verified": false,
        "line_number": 5318
      },
      {
        "type": "Hex High Entropy String",
        "filename": "tests\\ingestion\\mechanical\\data\\legacy_conditions_1_unanchored_schema3.json",
        "hashed_secret": "acc105f4ea705c44f74e9088bb5458ae4ac97d24",
        "is_verified": false,
        "line_number": 5328
      },
      {
        "type": "Hex High Entropy String",
        "filename": "tests\\ingestion\\mechanical\\data\\legacy_conditions_1_unanchored_schema3.json",
        "hashed_secret": "29993ecd4e448ceb595a521d7be0e8a107e9a444",
        "is_verified": false,
        "line_number": 5393
      },
      {
        "type": "Hex High Entropy String",
        "filename": "tests\\ingestion\\mechanical\\data\\legacy_conditions_1_unanchored_schema3.json",
        "hashed_secret": "2b6a0fdab0c3677585d2e6c4f206b3ac79d66608",
        "is_verified": false,
        "line_number": 5403
      },
      {
        "type": "Hex High Entropy String",
        "filename": "tests\\ingestion\\mechanical\\data\\legacy_conditions_1_unanchored_schema3.json",
        "hashed_secret": "39bb7788d2b237d6e3fef92a9c5227aff73c69c2",
        "is_verified": false,
        "line_number": 5424
      },
      {
        "type": "Hex High Entropy String",
        "filename": "tests\\ingestion\\mechanical\\data\\legacy_conditions_1_unanchored_schema3.json",
        "hashed_secret": "0c771bb1f9a3ace8d1013b607a6e02ef9b7ad563",
        "is_verified": false,
        "line_number": 5434
      },
      {
        "type": "Hex High Entropy String",
        "filename": "tests\\ingestion\\mechanical\\data\\legacy_conditions_1_unanchored_schema3.json",
        "hashed_secret": "d38a1f8c9d31aac4cc6083306bb2c1850ad2b8f9",
        "is_verified": false,
        "line_number": 5444
      },
      {
        "type": "Hex High Entropy String",
        "filename": "tests\\ingestion\\mechanical\\data\\legacy_conditions_1_unanchored_schema3.json",
        "hashed_secret": "11801cac17d1c0e199e4693787685f40282a2598",
        "is_verified": false,
        "line_number": 5465
      },
      {
        "type": "Hex High Entropy String",
        "filename": "tests\\ingestion\\mechanical\\data\\legacy_conditions_1_unanchored_schema3.json",
        "hashed_secret": "947ac34e012507d27f860c530abe04dd210459f1",
        "is_verified": false,
        "line_number": 5497
      },
      {
        "type": "Hex High Entropy String",
        "filename": "tests\\ingestion\\mechanical\\data\\legacy_conditions_1_unanchored_schema3.json",
        "hashed_secret": "8399cb52e3ca73439c87eee40aa093849a3587c0",
        "is_verified": false,
        "line_number": 5539
      },
      {
        "type": "Hex High Entropy String",
        "filename": "tests\\ingestion\\mechanical\\data\\legacy_conditions_1_unanchored_schema3.json",
        "hashed_secret": "4f81bf432aa99b9a4fae8b22756c92178bc3ec8f",
        "is_verified": false,
        "line_number": 5583
      },
      {
        "type": "Hex High Entropy String",
        "filename": "tests\\ingestion\\mechanical\\data\\legacy_conditions_1_unanchored_schema3.json",
        "hashed_secret": "da54d70e722c22b43a17c3bbe51ea404f9b2528b",
        "is_verified": false,
        "line_number": 5613
      },
      {
        "type": "Hex High Entropy String",
        "filename": "tests\\ingestion\\mechanical\\data\\legacy_conditions_1_unanchored_schema3.json",
        "hashed_secret": "bd6d57cd3c96dbc16ec6e8d5c8c5fbc3533669e3",
        "is_verified": false,
        "line_number": 5633
      },
      {
        "type": "Hex High Entropy String",
        "filename": "tests\\ingestion\\mechanical\\data\\legacy_conditions_1_unanchored_schema3.json",
        "hashed_secret": "607d009a9f94a0606b699d80eee2c6494a33bc32",
        "is_verified": false,
        "line_number": 5653
      },
      {
        "type": "Hex High Entropy String",
        "filename": "tests\\ingestion\\mechanical\\data\\legacy_conditions_1_unanchored_schema3.json",
        "hashed_secret": "127063ecdbd1b9823b5cdce39431f85013b838e7",
        "is_verified": false,
        "line_number": 5693
      },
      {
        "type": "Hex High Entropy String",
        "filename": "tests\\ingestion\\mechanical\\data\\legacy_conditions_1_unanchored_schema3.json",
        "hashed_secret": "9a55ab62d853e2ab221c437150074d2032c3911a",
        "is_verified": false,
        "line_number": 5745
      },
      {
        "type": "Hex High Entropy String",
        "filename": "tests\\ingestion\\mechanical\\data\\legacy_conditions_1_unanchored_schema3.json",
        "hashed_secret": "2cbc66e3dbf456b5d3b072d8d9ce0faf62294a85",
        "is_verified": false,
        "line_number": 5785
      },
      {
        "type": "Hex High Entropy String",
        "filename": "tests\\ingestion\\mechanical\\data\\legacy_conditions_1_unanchored_schema3.json",
        "hashed_secret": "2ea48edf92138b285439636f6c1fd6d86401ba97",
        "is_verified": false,
        "line_number": 5845
      },
      {
        "type": "Hex High Entropy String",
        "filename": "tests\\ingestion\\mechanical\\data\\legacy_conditions_1_unanchored_schema3.json",
        "hashed_secret": "e448b4a51ee764d35a6fcae62865b6600d7640de",
        "is_verified": false,
        "line_number": 5895
      },
      {
        "type": "Hex High Entropy String",
        "filename": "tests\\ingestion\\mechanical\\data\\legacy_conditions_1_unanchored_schema3.json",
        "hashed_secret": "0a0e1267e8122f622d7c98a8ca0f98aa23193b23",
        "is_verified": false,
        "line_number": 6112
      },
      {
        "type": "Hex High Entropy String",
        "filename": "tests\\ingestion\\mechanical\\data\\legacy_conditions_1_unanchored_schema3.json",
        "hashed_secret": "b14da92452f9e679c54b9a616647d20f64fff949",
        "is_verified": false,
        "line_number": 6115
      }
    ]
  },
  "version": "1.5.0"
}
