{
  "filters_used": [
    {
      "path": "detect_secrets.filters.allowlist.is_line_allowlisted"
    },
    {
      "filename": ".secrets.baseline",
      "path": "detect_secrets.filters.common.is_baseline_file"
    },
    {
      "min_level": 2,
      "path": "detect_secrets.filters.common.is_ignored_due_to_verification_policies"
    },
    {
      "path": "detect_secrets.filters.heuristic.is_indirect_reference"
    },
    {
      "path": "detect_secrets.filters.heuristic.is_likely_id_tag"
    },
    {
      "path": "detect_secrets.filters.heuristic.is_not_alphanumeric_string"
    },
    {
      "path": "detect_secrets.filters.heuristic.is_potential_uuid"
    },
    {
      "path": "detect_secrets.filters.heuristic.is_prefixed_with_dollar_sign"
    },
    {
      "path": "detect_secrets.filters.heuristic.is_sequential_string"
    },
    {
      "path": "detect_secrets.filters.heuristic.is_templated_secret"
    }
  ],
  "generated_at": "2026-08-27T10:54:32Z",
  "plugins_used": [
    {
      "name": "ArtifactoryDetector"
    },
    {
      "name": "AWSKeyDetector"
    },
    {
      "name": "AzureStorageKeyDetector"
    },
    {
      "limit": 4.5,
      "name": "Base64HighEntropyString"
    },
    {
      "name": "BasicAuthDetector"
    },
    {
      "name": "CloudantDetector"
    },
    {
      "name": "DiscordBotTokenDetector"
    },
    {
      "name": "GitHubTokenDetector"
    },
    {
      "limit": 3.0,
      "name": "HexHighEntropyString"
    },
    {
      "name": "IbmCloudIamDetector"
    },
    {
      "name": "IbmCosHmacDetector"
    },
    {
      "name": "IPPublicDetector"
    },
    {
      "name": "JwtTokenDetector"
    },
    {
      "keyword_exclude": "",
      "name": "KeywordDetector"
    },
    {
      "name": "MailchimpDetector"
    },
    {
      "name": "NpmDetector"
    },
    {
      "name": "OpenAIDetector"
    },
    {
      "name": "PrivateKeyDetector"
    },
    {
      "name": "PypiTokenDetector"
    },
    {
      "name": "SendGridDetector"
    },
    {
      "name": "SlackDetector"
    },
    {
      "name": "SoftlayerDetector"
    },
    {
      "name": "SquareOAuthDetector"
    },
    {
      "name": "StripeDetector"
    },
    {
      "name": "TwilioKeyDetector"
    }
  ],
  "results": {
    "tests\\ingestion\\mechanical\\data\\bounded_oracle.json": [
      {
        "filename": "tests\\ingestion\\mechanical\\data\\bounded_oracle.json",
        "hashed_secret": "2a424920115a4bfa9aa820b53d5bb3d92f0a9ded",
        "is_verified": false,
        "line_number": 29,
        "type": "Hex High Entropy String"
      },
      {
        "filename": "tests\\ingestion\\mechanical\\data\\bounded_oracle.json",
        "hashed_secret": "44193744620710b0b0923911f40783285c2e2be9",
        "is_verified": false,
        "line_number": 36,
        "type": "Hex High Entropy String"
      },
      {
        "filename": "tests\\ingestion\\mechanical\\data\\bounded_oracle.json",
        "hashed_secret": "e70be343a316ee793fb274940bf8b8e59b19a6c0",
        "is_verified": false,
        "line_number": 41,
        "type": "Hex High Entropy String"
      },
      {
        "filename": "tests\\ingestion\\mechanical\\data\\bounded_oracle.json",
        "hashed_secret": "a24ab9791c66477944ab7fc0ab2a4941d2823d95",
        "is_verified": false,
        "line_number": 44,
        "type": "Hex High Entropy String"
      },
      {
        "filename": "tests\\ingestion\\mechanical\\data\\bounded_oracle.json",
        "hashed_secret": "7da11b1b211edebc5dc912257d663a2fc2b4dc85",
        "is_verified": false,
        "line_number": 106,
        "type": "Hex High Entropy String"
      },
      {
        "filename": "tests\\ingestion\\mechanical\\data\\bounded_oracle.json",
        "hashed_secret": "03af9cb95f4b3450ac6c94b565c46ff953d0a404",
        "is_verified": false,
        "line_number": 159,
        "type": "Hex High Entropy String"
      },
      {
        "filename": "tests\\ingestion\\mechanical\\data\\bounded_oracle.json",
        "hashed_secret": "b14da92452f9e679c54b9a616647d20f64fff949",
        "is_verified": false,
        "line_number": 219,
        "type": "Hex High Entropy String"
      }
    ]
  },
  "version": "1.5.0"
}
